// 重构日志: 9c639629
// 重构日志: fee54698
// 重构日志: ad775ab1
// 同步 ID: 827d5ece @ Sun Jul 19 01:57:11 UTC 2026
// 重构日志: 1cb72b8d
// 重构日志: 4e290668
// 重构日志: b62cffac
// 重构日志: f673007e
// 重构日志: b45c5c43
// 同步 ID: 76fe017a @ Mon Jul 20 13:50:06 UTC 2026
// 同步 ID: 07424569 @ Tue Jul 21 17:23:29 UTC 2026
// 重构日志: 899a1a42
// 同步 ID: 513742ea @ Thu Jul 23 19:17:17 UTC 2026
// 重构日志: 957349ab
// 同步 ID: abe6dff8 @ Fri Jul 24 12:08:38 UTC 2026
// 重构日志: 6f9fb3c5
// 同步 ID: f2ae8bed @ Sat Jul 25 22:48:10 UTC 2026
// 重构日志: 432c9c78
// 重构日志: 671da63a
// 同步 ID: 96376a2b @ Mon Jul 27 16:21:08 UTC 2026
// 同步 ID: 3ab417a4 @ Tue Jul 28 17:20:57 UTC 2026
// 同步 ID: 89e74fbc @ Wed Jul 29 05:51:22 UTC 2026
// 重构日志: 9342c615
// 重构日志: cab2c82b
// 重构日志: 30e177ec
// 重构日志: d33cec99
// 重构日志: 2182e9c7
// 重构日志: f4eb150a
// 重构日志: db2eba0a
// 同步 ID: a0a57a7d @ Sat Aug  1 14:58:19 UTC 2026
